{"name":"test-name","age":58,"createdAt":"2021-01-01T00:00:00Z"}